// Jest Snapshot v1, https://goo.gl/fbAQLP

exports[`app snapshots render app component 1`] = `
<div>
  <div
    class="page"
  >
    <div
      class="form"
    >
      <div
        class="headerDiv"
      >
        <img
          src="[object Object]"
          width="40px"
        />
        <p
          class="header"
        >
          chatconnect
        </p>
      </div>
      <p
        class="slogan"
      >
        Sign In
      </p>
      <form>
        <input
          class="input"
          data-testid="username-input"
          placeholder="Username"
          type="name"
        />
        <br />
        <input
          class="pwd"
          data-testid="password-input"
          placeholder="Password"
          type="password"
        />
      </form>
      <div
        class="decision"
      >
        <div>
          <p
            class="text"
          >
            You haven't signed up yet?
          </p>
          <p
            class="btn"
            data-testid="create-account"
          >
            Create an account
          </p>
        </div>
        <div
          class="btn2"
        >
          <p
            class="text2"
            data-testid="submit-button"
          >
            Log In
          </p>
        </div>
      </div>
    </div>
  </div>
</div>
`;
